<!DOCTYPE html>
<html>
<head>
    <title>Test</title>
</head>
<body>
    <a href="logo.e6e9f6e4a00132c4599351daa0524ffe.png"><img src="logo.e6e9f6e4a00132c4599351daa0524ffe.png"></a>
</body>
</html>